scriptc coverage /Users/phall/workspace/effect-scriptc-compat/cases/hashmap-round-trip.ts

  statements analyzed   1201
  compile statically    1064  (88%)
  compile dynamically   94  (7%) (island sites — the embedded engine runs them)
  (+6 functions not analyzed — signature blocked)

  npm packages compiled statically (--npm-static):
    effect  static

  deferred to runtime   59 sites (JS statements that throw their fence if executed)
      ×1  comparing non-number, non-string values are not supported yet (instantiating 'number' with (string))                                                                                                                                                                                                                 SC1043
      ×6  module namespace objects as first-class values (access 'option' members directly: option.<member>)                                                                                                                                                                                                                   SC1013
      ×4  passing 'unknown' values where '(unknown) => any' is expected                                                                                                                                                                                                                                                        SC1100
      ×4  'Object.assign' is part of the standard library types but has no scriptc lowering yet                                                                                                                                                                                                                                SC2020
      ×2  passing a value of type 'm17.CauseImpl' into dynamically-executed ('any'-typed) code (only numbers, strings, booleans, typed arrays, URLs, undefined/null-armed unions, and JSON-safe records/arrays/unions can cross the boundary)                                                                                  SC1090
      ×2  spread arguments                                                                                                                                                                                                                                                                                                     SC1090
      ×2  passing '(unknown, unknown) => any[]' function values into 'unknown' slots (a parameter or result type has no dynamic representation — only JSON-safe data, Uint8Array, undefined-armed unions of those, 'unknown', and functions over the same set cross)                                                           SC1101
      ×2  uses of 'root' inherit the blocker on its declaration (instantiating 'fromIterable' with (unknown))                                                                                                                                                                                                                  SC2004
      ×2  uses of 'root' inherit the blocker on its declaration (instantiating 'fromIterable' with (any[]))                                                                                                                                                                                                                    SC2004
      ×2  'Object.getPrototypeOf' is part of the standard library types but has no scriptc lowering yet (instantiating 'getAllObjectKeys' with (unknown))                                                                                                                                                                      SC2020
      ×1  module namespace objects as first-class values (access 'option' members directly: option.<member>) are not supported yet (instantiating 'getSuccess' with (unknown))                                                                                                                                                 SC1013
      ×1  module namespace objects as first-class values (access 'option' members directly: option.<member>) are not supported yet (instantiating 'getFailure' with (unknown))                                                                                                                                                 SC1013
      ×1  module namespace objects as first-class values (access 'option_' members directly: option_.<member>)                                                                                                                                                                                                                 SC1013
      ×1  module namespace objects as first-class values (access 'Result' members directly: Result.<member>)                                                                                                                                                                                                                   SC1013
      ×1  string methods as values (call 'charCodeAt' directly) are not supported yet (instantiating 'string' with (string))                                                                                                                                                                                                   SC1090
      ×1  'instanceof' right-hand sides other than classes declared in the program is not supported yet (instantiating 'hash' with (unknown))                                                                                                                                                                                  SC1090
      ×1  this spread form in an 'any'-typed object literal (one `...(c ? { k: v } : {})` conditional spread is supported — bind other shapes to a const and set keys explicitly)                                                                                                                                              SC1090
      ×1  passing a value of type 'm17.%cx12200.Base' into dynamically-executed ('any'-typed) code (only numbers, strings, booleans, typed arrays, URLs, undefined/null-armed unions, and JSON-safe records/arrays/unions can cross the boundary)                                                                              SC1090
      ×1  'string' values where 'number' is expected is not supported yet (instantiating 'number' with (string))                                                                                                                                                                                                               SC1090
      ×1  'in' on 'string' receivers (only process.env, Error instances, record-typed values, and unions of fixed record shapes answer; narrow first: check a discriminant field, or compare with '!== undefined'/'!== null' for unit arms) are not supported yet (instantiating 'hash' with (string))                         SC1090
      ×1  this property form in an 'any'-typed object literal (only `name: value`, shorthand names, methods, and get accessors are supported) is not supported yet (instantiating 'bindTo' with (unknown))                                                                                                                     SC1090
      ×1  this property form in an 'any'-typed object literal (only `name: value`, shorthand names, methods, and get accessors are supported) is not supported yet (instantiating 'let_' with (unknown))                                                                                                                       SC1090
      ×1  this property form in an 'any'-typed object literal (only `name: value`, shorthand names, methods, and get accessors are supported) is not supported yet (instantiating 'bind' with (unknown, unknown))                                                                                                              SC1090
      ×1  'instanceof' right-hand sides other than classes declared in the program is not supported yet (instantiating 'compareStructure' with (unknown, unknown))                                                                                                                                                             SC1090
      ×1  passing a value of type 'm23.HashMapImpl' into dynamically-executed ('any'-typed) code (only numbers, strings, booleans, typed arrays, URLs, undefined/null-armed unions, and JSON-safe records/arrays/unions can cross the boundary) is not supported yet (instantiating 'endMutation' with (m23.HashMapImpl))      SC1090
      ×1  passing a value of type 'm23.HashMapImpl' into dynamically-executed ('any'-typed) code (only numbers, strings, booleans, typed arrays, URLs, undefined/null-armed unions, and JSON-safe records/arrays/unions can cross the boundary)                                                                                SC1090
      ×1  passing a value of type 'Map<unknown, unknown>' into dynamically-executed ('any'-typed) code (only numbers, strings, booleans, typed arrays, URLs, undefined/null-armed unions, and JSON-safe records/arrays/unions can cross the boundary) is not supported yet (instantiating 'annotate' with (unknown, unknown))  SC1090
      ×1  passing a value of type 'Map<unknown, unknown>' into dynamically-executed ('any'-typed) code (only numbers, strings, booleans, typed arrays, URLs, undefined/null-armed unions, and JSON-safe records/arrays/unions can cross the boundary)                                                                          SC1090
      ×1  the reference to 'constEmptyAnnotations' (a binding form with no lowering)                                                                                                                                                                                                                                           SC1090
      ×1  passing a value of type 'm15.SingleShotGen' into dynamically-executed ('any'-typed) code (only numbers, strings, booleans, typed arrays, URLs, undefined/null-armed unions, and JSON-safe records/arrays/unions can cross the boundary) is not supported yet (instantiating 'next' with (unknown))                   SC1090
      ×1  operators on 'unknown' values are not supported yet (instantiating 'compareObjects' with (unknown, unknown))                                                                                                                                                                                                         SC1100
      ×1  uses of 'emptyNode' inherit the blocker on its declaration (instantiating 'fromIterable' with (unknown))                                                                                                                                                                                                             SC2004
      ×1  uses of 'emptyNode' inherit the blocker on its declaration                                                                                                                                                                                                                                                           SC2004
      ×1  uses of 'emptyNode' inherit the blocker on its declaration (instantiating 'fromIterable' with (any[]))                                                                                                                                                                                                               SC2004
      ×1  uses of 'impl' inherit the blocker on its declaration (instantiating 'endMutation' with (m23.HashMapImpl))                                                                                                                                                                                                           SC2004
      ×1  uses of 'emptyNode' inherit the blocker on its declaration (instantiating 'removeHash' with (unknown, unknown, unknown))                                                                                                                                                                                             SC2004
      ×1  'Object.defineProperty' is part of the standard library types but has no scriptc lowering yet (instantiating 'assignProperty' with (m17.%cx12200.Base, unknown, unknown))                                                                                                                                            SC2020
      ×1  'Object.defineProperty' is part of the standard library types but has no scriptc lowering yet                                                                                                                                                                                                                        SC2020
      ×1  'string.toString' is part of the standard library types but has no scriptc lowering yet (instantiating 'hash' with (string))                                                                                                                                                                                         SC2020
      ×1  'string.getTime' is part of the standard library types but has no scriptc lowering yet (instantiating 'hash' with (string))                                                                                                                                                                                          SC2020
      ×1  'string.toISOString' is part of the standard library types but has no scriptc lowering yet (instantiating 'hash' with (string))                                                                                                                                                                                      SC2020
      ×1  'Object.assign' is part of the standard library types but has no scriptc lowering yet (instantiating 'annotate' with (unknown, unknown))                                                                                                                                                                             SC2020

  blockers:
      ×2  the reference to 'constEmptyAnnotations' (a binding form with no lowering)                                                                                                       SC1090
      ×1  fields assigned outside the constructor's top level ('this._hash' would be undefined until the first assignment runs — assign it unconditionally at the top of the constructor)  SC1090
      ×1  extending classes not declared in the program ('Node')                                                                                                                           SC1090

  in unreached code   (never lowered — cannot fail a build)
      ×4  extending classes not declared in the program ('Node')                                                                                                                           SC1090
