$ node scripts/map.ts
chunk-round-trip: deferred
concurrency-all: rejected
callback-microtask: rejected
concurrency-for-each: rejected
concurrency-race: rejected
documented-ai--aierror: rejected
documented-ai--chat: rejected
concurrency-timeout: rejected
documented-ai--idgenerator: rejected
documented-ai--languagemodel: rejected
documented-ai--model: rejected
documented-ai--telemetry: rejected
documented-ai--response: rejected
documented-bigdecimal: deferred
documented-boolean: rejected
documented-ai--tool: rejected
documented-ai--toolkit: rejected
documented-ai--tokenizer: rejected
documented-cache: rejected
documented-channel: rejected
documented-cli--clierror: rejected
documented-cli--param: rejected
documented-cli--clioutput: rejected
documented-combiner: static
documented-cli--prompt: rejected
documented-cli--primitive: rejected
documented-clock: rejected
documented-context: rejected
documented-configprovider: rejected
documented-config: rejected
documented-console: rejected
documented-data: rejected
documented-cron: rejected
documented-duration: deferred
documented-crypto: rejected
documented-equal: rejected
documented-equivalence: static
documented-datetime: rejected
documented-deferred: rejected
documented-exit: rejected
documented-executionplan: rejected
documented-errorreporter: rejected
documented-filter: deferred
documented-formatter: static
