scriptc coverage /workspace/shared/effect-scriptc-compat/cases/documented-duration.ts

  statements analyzed   1190
  compile statically    1188  (99%)

  npm packages compiled statically (--npm-static):
    effect  static

  deferred to runtime   21 sites (JS statements that throw their fence if executed)
      ×1  comparing non-number, non-string values are not supported yet (instantiating 'number' with (string))                                                                                                                                                                                          SC1043
      ×1  comparing non-number, non-string values are not supported yet (instantiating 'number' with (bigint))                                                                                                                                                                                          SC1043
      ×1  'string' values where 'number' is expected is not supported yet (instantiating 'number' with (string))                                                                                                                                                                                        SC1090
      ×1  'in' on 'string' receivers (only process.env, Error instances, record-typed values, and unions of fixed record shapes answer; narrow first: check a discriminant field, or compare with '!== undefined'/'!== null' for unit arms) are not supported yet (instantiating 'hash' with (string))  SC1090
      ×1  string indexing with this index/result shape (expected a number index and a string or string | undefined result) is not supported yet (instantiating 'parseNanos' with (string, bigint))                                                                                                      SC1090
      ×1  'bigint' values where 'number' is expected is not supported yet (instantiating 'make' with (bigint))                                                                                                                                                                                          SC1090
      ×1  'bigint' values where 'number' is expected is not supported yet (instantiating 'number' with (bigint))                                                                                                                                                                                        SC1090
      ×1  method calls like 'str.charCodeAt' is not supported yet (instantiating 'string' with (bigint))                                                                                                                                                                                                SC1090
      ×1  'in' on 'bigint' receivers (only process.env, Error instances, record-typed values, and unions of fixed record shapes answer; narrow first: check a discriminant field, or compare with '!== undefined'/'!== null' for unit arms) are not supported yet (instantiating 'hash' with (bigint))  SC1090
      ×1  record shapes must match exactly or width-coerce: expected 'number', got '{ seconds: number }' (instantiating 'make' with ({ seconds: number }))                                                                                                                                              SC2002
      ×1  record shapes must match exactly or width-coerce: expected 'number', got '{ days: number }' (instantiating 'make' with ({ days: number }))                                                                                                                                                    SC2002
      ×1  record shapes must match exactly or width-coerce: expected 'number', got '{ nanoseconds: number; seconds: number }' (instantiating 'make' with ({ nanoseconds: number; seconds: number }))                                                                                                    SC2002
      ×1  'Object.defineProperty' is part of the standard library types but has no scriptc lowering yet (instantiating 'assignProperty' with (m17.%cx12200.Base, unknown, unknown))                                                                                                                     SC2020
      ×1  'string.toString' is part of the standard library types but has no scriptc lowering yet (instantiating 'hash' with (string))                                                                                                                                                                  SC2020
      ×1  'string.getTime' is part of the standard library types but has no scriptc lowering yet (instantiating 'hash' with (string))                                                                                                                                                                   SC2020
      ×1  'string.toISOString' is part of the standard library types but has no scriptc lowering yet (instantiating 'hash' with (string))                                                                                                                                                               SC2020
      ×1  'bigint.getTime' is part of the standard library types but has no scriptc lowering yet (instantiating 'hash' with (bigint))                                                                                                                                                                   SC2020
      ×1  'bigint.toISOString' is part of the standard library types but has no scriptc lowering yet (instantiating 'hash' with (bigint))                                                                                                                                                               SC2020
      ×1  '{ seconds: number; }.length' is part of the standard library types but has no scriptc lowering yet (instantiating 'fromInputUnsafe' with ({ seconds: number }))                                                                                                                              SC2020
      ×1  '{ days: number; }.length' is part of the standard library types but has no scriptc lowering yet (instantiating 'fromInputUnsafe' with ({ days: number }))                                                                                                                                    SC2020
      ×1  '{ seconds: number; nanoseconds: number; }.length' is part of the standard library types but has no scriptc lowering yet (instantiating 'fromInputUnsafe' with ({ nanoseconds: number; seconds: number }))                                                                                    SC2020

